    1           0 
    2           0 
    3           0 
    4           0 
    5           0 
    6           0 
    7           0 
    8           0 
    9           1 
   10           0 
   11           3 
   12           5 
   13          11 
   14          13 
   15          15 
   16          13 
   17          19 
   18          11 
   19          26 
   20          21 
   21          32 
   22          33 
   23          60 
   24         119 
   25         173 
   26         300 
   27         485 
   28         750 
   29        1070 
   30        1645 
   31        2025 
   32        2571 
   33        3044 
   34        3642 
   35        3961 
   36        4069 
   37        4085 
   38        4113 
   39        3941 
   40        3526 
   41        3220 
   42        2896 
   43        2559 
   44        2295 
   45        2067 
   46        1784 
   47        1596 
   48        1523 
   49        1397 
   50        1182 
   51        1005 
   52        1015 
   53         870 
   54         785 
   55         765 
   56         738 
   57         685 
   58         641 
   59         580 
   60         548 
   61         504 
   62         493 
   63         473 
   64         431 
   65         429 
   66         400 
   67         360 
   68         386 
   69         371 
   70         356 
   71         341 
   72         318 
   73         337 
   74         330 
   75         304 
   76         288 
   77         288 
   78         282 
   79         280 
   80         247 
   81         249 
   82         245 
   83         236 
   84         221 
   85         221 
   86         203 
   87         200 
   88         221 
   89         192 
   90         203 
   91         189 
   92         182 
   93         195 
   94         185 
   95         177 
   96         166 
   97         156 
   98         160 
   99         174 
  100         147 
  101         152 
  102         141 
  103         138 
  104         109 
  105         149 
  106         136 
  107         107 
  108         130 
  109         117 
  110         110 
  111         135 
  112         132 
  113          97 
  114         120 
  115         109 
  116          97 
  117         114 
  118         110 
  119          98 
  120          91 
  121          84 
  122          89 
  123          87 
  124          80 
  125          89 
  126          88 
  127          79 
  128          76 
  129          83 
  130          71 
  131          84 
  132          77 
  133          70 
  134          62 
  135          54 
  136          63 
  137          73 
  138          58 
  139          64 
  140          79 
  141          54 
  142          62 
  143          57 
  144          70 
  145          68 
  146          62 
  147          45 
  148          58 
  149          42 
  150          46 
  151          42 
  152          34 
  153          43 
  154          59 
  155          38 
  156          55 
  157          50 
  158          52 
  159          45 
  160          51 
  161          38 
  162          36 
  163          40 
  164          34 
  165          35 
  166          36 
  167          38 
  168          39 
  169          35 
  170          28 
  171          26 
  172          34 
  173          22 
  174          33 
  175          24 
  176          24 
  177          28 
  178          31 
  179          24 
  180          30 
  181          26 
  182          14 
  183          25 
  184          22 
  185          20 
  186          31 
  187          17 
  188          22 
  189          25 
  190          19 
  191          23 
  192          18 
  193          15 
  194          22 
  195          19 
  196          13 
  197          24 
  198          18 
  199          18 
  200          23 
  201          17 
  202          16 
  203          27 
  204          10 
  205          14 
  206          20 
  207          25 
  208          12 
  209          11 
  210          18 
  211           9 
  212          15 
  213          15 
  214          15 
  215          13 
  216          16 
  217          15 
  218          10 
  219          10 
  220          18 
  221          11 
  222          15 
  223           7 
  224          14 
  225          13 
  226           3 
  227          12 
  228          17 
  229          13 
  230           5 
  231           9 
  232           6 
  233          10 
  234          11 
  235           9 
  236          11 
  237           5 
  238           3 
  239           9 
  240           8 
  241          16 
  242           1 
  243           7 
  244           8 
  245           6 
  246           7 
  247          11 
  248          12 
  249           7 
  250           6 
  251           3 
  252           7 
  253           6 
  254          13 
  255           4 
  256          11 
  257           2 
  258           6 
  259           4 
  260           5 
  261           4 
  262           6 
  263           5 
  264           8 
  265           9 
  266           4 
  267           5 
  268           3 
  269           7 
  270           6 
  271           7 
  272           4 
  273           7 
  274           5 
  275           3 
  276           2 
  277           1 
  278           7 
  279           6 
  280          10 
  281           4 
  282           1 
  283           2 
  284           4 
  285           6 
  286           4 
  287           4 
  288           6 
  289           7 
  290           4 
  291           5 
  292           5 
  293           7 
  294           6 
  295           6 
  296           5 
  297           3 
  298           1 
  299           2 
  300           4 
  301           7 
  302           3 
  303           4 
  304           2 
  305           3 
  306           5 
  307           2 
  308           1 
  309           4 
  310           2 
  311           4 
  312           3 
  313           4 
  314           4 
  315           2 
  316           4 
  317           1 
  318           3 
  319           1 
  320           4 
  321           2 
  322           2 
  323           3 
  324           2 
  325           1 
  326           1 
  327           4 
  328           4 
  329           0 
  330           3 
  331           2 
  332           3 
  333           5 
  334           4 
  335           1 
  336           6 
  337           1 
  338           4 
  339           5 
  340           2 
  341           4 
  342           2 
  343           2 
  344           4 
  345           0 
  346           2 
  347           3 
  348           1 
  349           1 
  350           1 
  351           3 
  352           2 
  353           2 
  354           2 
  355           3 
  356           2 
  357           1 
  358           2 
  359           2 
  360           1 
  361           2 
  362           5 
  363           0 
  364           1 
  365           5 
  366           5 
  367           2 
  368           3 
  369           3 
  370           3 
  371           4 
  372           0 
  373           1 
  374           1 
  375           0 
  376           2 
  377           0 
  378           2 
  379           3 
  380           1 
  381           1 
  382           1 
  383           1 
  384           1 
  385           0 
  386           1 
  387           1 
  388           0 
  389           1 
  390           2 
  391           2 
  392           0 
  393           2 
  394           3 
  395           0 
  396           5 
  397           2 
  398           3 
  399           1 
  400           2 
  401           1 
  402           1 
  403           1 
  404           0 
  405           1 
  406           2 
  407           2 
  408           4 
  409           2 
  410           2 
  411           1 
  412           1 
  413           1 
  414           2 
  415           0 
  416           1 
  417           3 
  418           1 
  419           1 
  420           2 
  421           2 
  422           0 
  423           2 
  424           2 
  425           3 
  426           3 
  427           4 
  428           1 
  429           3 
  430           2 
  431           0 
  432           1 
  433           1 
  434           3 
  435           1 
  436           0 
  437           2 
  438           4 
  439           0 
  440           0 
  441           1 
  442           1 
  443           4 
  444           1 
  445           2 
  446           3 
  447           2 
  448           1 
  449           1 
  450           0 
  451           3 
  452           2 
  453           4 
  454           3 
  455           1 
  456           4 
  457           1 
  458           1 
  459           1 
  460           1 
  461           3 
  462           2 
  463           1 
  464           2 
  465           1 
  466           1 
  467           1 
  468           2 
  469           1 
  470           2 
  471           0 
  472           1 
  473           2 
  474           1 
  475           1 
  476           1 
  477           1 
  478           5 
  479           0 
  480           2 
  481           1 
  482           0 
  483           0 
  484           1 
  485           2 
  486           0 
  487           2 
  488           0 
  489           0 
  490           4 
  491           3 
  492           2 
  493           2 
  494           1 
  495           0 
  496           0 
  497           0 
  498           0 
  499           0 
  500           0 
  501           0 
  502           0 
  503           0 
  504           0 
  505           0 
  506           0 
  507           0 
  508           0 
  509           0 
  510           0 
  511           0 
  512           0 
